id	effectiveTime	active	moduleId	refsetId	referencedComponentId	acceptabilityId
5f16e2d7-16d7-41d9-8fdc-8505bff0fc1f	20140731	1	900000000000012004	900000000000508004	800015001	900000000000548007
