id	effectiveTime	active	moduleId	refsetId	referencedComponentId	acceptabilityId
5f16e2d7-16d7-41d9-8fdc-8505bff0fc17	20140131	1	900000000000207008	900000000000508004	800001001	900000000000548007
5f16e2d7-16d7-41d9-8fdc-8505bff0fc18	20140131	1	900000000000012004	900000000000508004	399748002	900000000000548007
5f16e2d7-16d7-41d9-8fdc-8505bff0fc19	20140131	1	900000000000207008	900000000000509007	800002001	900000000000548007
5f16e2d7-16d7-41d9-8fdc-8505bff0fc1a	20140131	1	900000000000012004	900000000000508004	800003001	900000000000548007
5f16e2d7-16d7-41d9-8fdc-8505bff0fc1b	20140131	1	900000000000207008	900000000000508004	1016001	900000000000548007
5f16e2d7-16d7-41d9-8fdc-8505bff0fc1c	20140131	1	900000000000207008	900000000000508004	800004001	900000000000548007
5f16e2d7-16d7-41d9-8fdc-8505bff0fc1d	20140131	1	900000000000207008	900000000000508004	800005001	900000000000548007
