id	effectiveTime	active	moduleId	definitionStatusId
800015001	20140731	1	900000000000012004	900000000000074008
