id	effectiveTime	active	moduleId	sourceId	destinationId	relationshipGroup	typeId	characteristicTypeId	modifierId
800017021	20140731	1	900000000000012004	800015001	399748002	0	116680003	900000000000011006	900000000000451002
800014021	20140131	1	900000000000207008	800005001	399748002	0	116680003	900000000000011006	900000000000451002
800012021	20140131	1	900000000000207008	1016001	399748002	0	116680003	900000000000011006	900000000000451002
800013021	20140131	1	900000000000207008	800004001	399748002	0	116680003	900000000000011006	900000000000451002
